// Jest Snapshot v1, https://goo.gl/fbAQLP

exports[`App Component Snapshot should match last snapshot 1`] = `<AppRouter />`;
